// Jest Snapshot v1, https://goo.gl/fbAQLP

exports[`<Login /> should render correctly 1`] = `
ShallowWrapper {
  Symbol(enzyme.__root__): [Circular],
  Symbol(enzyme.__unrendered__): <Login
    classes={
      Object {
        "loginContainer": "Login-loginContainer-1",
      }
    }
  />,
  Symbol(enzyme.__renderer__): Object {
    "batchedUpdates": [Function],
    "getNode": [Function],
    "render": [Function],
    "simulateError": [Function],
    "simulateEvent": [Function],
    "unmount": [Function],
  },
  Symbol(enzyme.__node__): Object {
    "instance": null,
    "key": undefined,
    "nodeType": "host",
    "props": Object {
      "children": Array [
        <h1>
          react.chat
        </h1>,
        <TextField
          InputLabelProps={
            Object {
              "shrink": true,
            }
          }
          id="username"
          label="Username"
          margin="normal"
          onChange={[Function]}
          placeholder="Enter a username"
          required={false}
          select={false}
          value=""
          variant="standard"
        />,
        <WithStyles(Button)
          color="primary"
          id="submit-username"
          onClick={[Function]}
          variant="contained"
        >
          Submit
        </WithStyles(Button)>,
      ],
      "className": "Login-loginContainer-1",
    },
    "ref": null,
    "rendered": Array [
      Object {
        "instance": null,
        "key": undefined,
        "nodeType": "host",
        "props": Object {
          "children": "react.chat",
        },
        "ref": null,
        "rendered": "react.chat",
        "type": "h1",
      },
      Object {
        "instance": null,
        "key": undefined,
        "nodeType": "class",
        "props": Object {
          "InputLabelProps": Object {
            "shrink": true,
          },
          "id": "username",
          "label": "Username",
          "margin": "normal",
          "onChange": [Function],
          "placeholder": "Enter a username",
          "required": false,
          "select": false,
          "value": "",
          "variant": "standard",
        },
        "ref": null,
        "rendered": null,
        "type": [Function],
      },
      Object {
        "instance": null,
        "key": undefined,
        "nodeType": "class",
        "props": Object {
          "children": "Submit",
          "color": "primary",
          "id": "submit-username",
          "onClick": [Function],
          "variant": "contained",
        },
        "ref": null,
        "rendered": "Submit",
        "type": [Function],
      },
    ],
    "type": "div",
  },
  Symbol(enzyme.__nodes__): Array [
    Object {
      "instance": null,
      "key": undefined,
      "nodeType": "host",
      "props": Object {
        "children": Array [
          <h1>
            react.chat
          </h1>,
          <TextField
            InputLabelProps={
              Object {
                "shrink": true,
              }
            }
            id="username"
            label="Username"
            margin="normal"
            onChange={[Function]}
            placeholder="Enter a username"
            required={false}
            select={false}
            value=""
            variant="standard"
          />,
          <WithStyles(Button)
            color="primary"
            id="submit-username"
            onClick={[Function]}
            variant="contained"
          >
            Submit
          </WithStyles(Button)>,
        ],
        "className": "Login-loginContainer-1",
      },
      "ref": null,
      "rendered": Array [
        Object {
          "instance": null,
          "key": undefined,
          "nodeType": "host",
          "props": Object {
            "children": "react.chat",
          },
          "ref": null,
          "rendered": "react.chat",
          "type": "h1",
        },
        Object {
          "instance": null,
          "key": undefined,
          "nodeType": "class",
          "props": Object {
            "InputLabelProps": Object {
              "shrink": true,
            },
            "id": "username",
            "label": "Username",
            "margin": "normal",
            "onChange": [Function],
            "placeholder": "Enter a username",
            "required": false,
            "select": false,
            "value": "",
            "variant": "standard",
          },
          "ref": null,
          "rendered": null,
          "type": [Function],
        },
        Object {
          "instance": null,
          "key": undefined,
          "nodeType": "class",
          "props": Object {
            "children": "Submit",
            "color": "primary",
            "id": "submit-username",
            "onClick": [Function],
            "variant": "contained",
          },
          "ref": null,
          "rendered": "Submit",
          "type": [Function],
        },
      ],
      "type": "div",
    },
  ],
  Symbol(enzyme.__options__): Object {
    "adapter": ReactSixteenAdapter {
      "options": Object {
        "enableComponentDidUpdateOnSetState": true,
        "lifecycles": Object {
          "componentDidUpdate": Object {
            "onSetState": true,
          },
          "getDerivedStateFromProps": true,
          "getSnapshotBeforeUpdate": true,
          "setState": Object {
            "skipsComponentDidUpdateOnNullish": true,
          },
        },
      },
    },
    "context": Object {},
  },
}
`;
