// Jest Snapshot v1, https://goo.gl/fbAQLP

exports[`<Chat /> it renders a loading spinner while loading 1`] = `
<div
  className="Chat-loadingSpinner-4"
>
  <WithStyles(CircularProgress) />
</div>
`;

exports[`<Chat /> it renders after loading 1`] = `
<Fragment>
  <WithStyles(Navbar)
    history={[MockFunction]}
    sb={[MockFunction]}
  />
  <div
    className="Chat-chatContainer-1"
  >
    <div
      className="Chat-chatHeader-3"
    >
      <ChatHeader
        title="test-channel"
      >
        <ChatMenu
          channel={Object {}}
          history={[MockFunction]}
          participants={Array []}
          sb={[MockFunction]}
        />
      </ChatHeader>
    </div>
    <WithStyles(MessagesContainer)
      channel={Object {}}
      newMessage=""
      sb={[MockFunction]}
    />
  </div>
</Fragment>
`;
